// Jest Snapshot v1, https://goo.gl/fbAQLP

exports[`card renders as expected 1`] = `
<div
  className="css-amd3ig"
>
  This is a test card
</div>
`;
